LogiAI Production Stack run log
Date: 2026-07-09 07:36 CEST | Mode: daily | Operator: absent (scheduled) | approval_email: disabled

Phase -1 Styleguide Drift Check:
  Master CONTENT-STYLEGUIDE.md Section 0 hard rules verified intact (no em-dash rule #1, brief-leak guard rule #9).
  Master + bundle authoritative pair in sync. Standing note carried (from Jul 4/7/8): plugin skill CACHE stale vs bundle
  (logiai-publishing missing visual-inline/style-guard rules; logiai-editorial-visuals missing REST-inlining block;
  logiai-drafting missing Tracker ID field). Cache is read-only from Cowork; cannot sync here. OPERATOR ACTION still open:
  re-save the 4 skills in Settings > Capabilities. No publish this run, so zero exposure. Continued on bundle+master.

Phase 0 Pre-flight:
  drift-guard: Phase 0: goal='init state, verify inputs', current_action='read config/queue/memory/tracker/WP', aligned=yes
  config.yml parsed (caps.daily: $3.00 / 200 calls / 90 min). Queue: EMPTY (only processed/).
  WP REST: HTTP 200. Live chain intact and unchanged from yesterday:
    633 (DSV/CargoWise, Jul8) <- 622 Rohlik (Jul6) <- 590 Volvo (Jul3) <- 601 Yusen (Jul1) <- 600 Amazon Proteus (Jun29).
  Post 623 remains scheduled future Jul10 (correctly absent from publish list). Schedule full thru Jul10; first open slot wk Jul13.

Phase 1 Action Tracker Sweep:
  drift-guard: Phase 1: goal='triage open tasks', current_action='classify, carry gated items', aligned=yes
  Standing gated items carried (all operator/UI/credential-gated, no autonomous action possible):
    T101 (High, fal.ai key renewal) CREDENTIAL-GATED, operator only. Posts on placeholder images until renewed.
    T102 (High, images+Yoast 622/623) blocked by T101 + WP Admin UI.
    T107 (Medium, Yoast for 633) WP-UI-gated; 633 now live so 633 Yoast pass is operator-actionable.
  No autonomous low-risk executions this run. Open backlog unchanged (~41 open).

Phase 2 Monitoring + Scoring + Verification:
  drift-guard: Phase 2: goal='check T106 trigger + find fresh verified candidates', current_action='web scan', aligned=yes
  T106 TRIGGER CHECK (EU AI Act Digital Omnibus OJ publication): STILL PENDING as of Jul 9.
    Fresh multi-source check (DLA Piper, Gibson Dunn, White & Case, Consilium, EC digital-strategy, Inside Privacy):
    all still say OJ publication 'expected shortly / not later than July 2026'; NO source shows an actual OJ L-series
    number for the omnibus amendment yet. Council final green light Jun29 (confirmed); enters force +3 days after OJ.
    Deferred deadlines: Annex III high-risk -> 2027-12-02, Annex I -> 2028-08-02. T106 STAYS ARMED; top editorial
    priority when OJ lands. Pre-draft READY at Logistics LAB/logiai-draft-2026-07-04-eu-ai-act-omnibus-official-journal.md
    (placeholders present: 5x [OJ-DATE], 3x [OJ-REF], 4x [IN-FORCE-DATE], 1x [MONTHS-REMAINING]).
  Fresh scan (last ~72h): no single-day hook forced. Parked candidates carry for operator review / Jul13 slot:
    1. Octup (Tel Aviv) $12M seed (Shine Capital + JAL Ventures), AI ops platform for 3PLs. P5/P7, low dup risk. Needs verify.
    2. PE firm acquires Carrier Logistics (TMS vendor), pledges AI overhaul (FreightWaves). Vendor-internal, medium hook.
    3. CMA CGM to buy FedEx Supply Chain $1.4B into CEVA. NOW double-sourced (Supply Chain Dive + Air Cargo News),
       but primarily consolidation not AI-native; adjacent. Big story, weak AI hook.
    (Loop $95M Series C surfaced again = April 2026, stale, not a fresh hook.)
  Duplicate-check: n/a (no candidate forwarded to drafting).

Phase 3-4: SKIPPED (0 candidates forced; schedule full through Jul10; first open slot wk Jul13).
Phase 5: NOTHING TO APPROVE. Operator absent + approval_email disabled -> no publish, no status flips. 0 WP writes, 0 git, 0 deletes.
Phase 6: SKIPPED (nothing approved).

Phase 7 Memory Update:
  logiai_published.md: no changes (nothing published; 633 already logged prior run, 623 still future).
  Action Tracker: no status flips (operator approval required).
  T106 memory: fact unchanged (armed, OJ pending); no edit needed.
  This log + cap-history row written.

Telemetry: ~13 tool calls, ~8 min wall, est. $0.22, cap_hits=0, drift_mismatches=0, loop_aborts=0.
