LogiAI Production Stack - Daily Run
Date: 2026-07-03 07:37 CEST (Fri)  Mode: daily  Operator: ABSENT (scheduled)  Approval-mail: DISABLED (config enabled=false)
Caps (daily): $3.00 / 200 tool calls / 90 min. Posture: read + optional local draft only, NO publish/push/delete/Done-flip.

Phase -1 Styleguide drift: IN SYNC. Master CONTENT-STYLEGUIDE.md unchanged (mtime 2026-06-02 19:54, 23706 bytes, identical to last confirmed-sync). No drift, no propagation. aligned=yes

Phase 0 Preflight: WP REST 200 OK (curl UA curl/8.4.0). Queue folder empty (processed/ only; no pre-approval package). Strategy memory loaded (3 unified pillars, Europe strong-lean, indexing-first). Action Tracker parsed clean: 107 tasks (66 Done / 41 Open). Tracker mtime 2026-07-02 09:36 (cosmetic operator touch after Jul2 run; task set unchanged vs last run, T107 still newest/Open). Cadence: post 590 (Volvo autonomous trucking $3B) CONFIRMED LIVE today Jul3 07:00 as scheduled. Schedule remains full: 622 Jul6, 633 Jul8 (DSV/CargoWise), 623 Jul10 => week Jul6-12 covered. aligned=yes

Phase 1 Action sweep: 41 Open (2 High, 21 Medium, 18 Low). 0 autonomously-executable writes; all open items operator/credential/WP-Admin-UI/delete/GSC gated.
  High:
   - T101 Renew expired fal.ai API key (Keychain) -> operator credential, still 401. BLOCKS T102 image swaps + custom images for placeholder posts (622/623/633).
   - T102 Swap placeholder featured images (622/623) + set Yoast -> blocked by T101 (fal 401) + Yoast needs WP Admin UI / mu-plugin (T055).
  Notable Medium:
   - T107 (SEO, added 2026-07-01) Set Yoast SEO meta for Post 633 (DSV/CargoWise Tango) via WP editor -> WP-Admin-UI/editor-JS-store gated (known REST Yoast limitation). Suggested values already in register. Re-surfaced for operator.
  Re-surfaced read-only (no flips): T103 register hygiene (592/597 label + 594 row), T104 delete 3 stale temp files (delete-gated), T084 delete orphan media 551/553/555 (WP-UI/delete-gated), T085/T031/T066 GSC indexing (GSC access), T073 robots.txt AI-crawler policy, T106 EU AI Act Omnibus draft-on-trigger (Phase 2). Standing preparable-but-not-run offers: T071 FAQ/HowTo schema, T075 long-tail EU keyword map, T076 internal-link plan, T029/T082 SEO audits. None executed (established posture: no unrequested artifacts / no register drift without operator eyes). aligned=yes

Phase 2 Monitoring/Scoring/Verification:
  T106 / EU AI Act Digital Omnibus WATCH (state unchanged since Jul2): Council FINAL ADOPTION confirmed 2026-06-29. OJ publication still the last domino. Fresh Jul3 web scan of legal trackers (DLA Piper, Gibson Dunn, White & Case, EP Legislative Train, artificialintelligenceact.eu) converges on formal OJ publication in JULY 2026, ahead of the 2 Aug 2026 date; entry into force = 3rd day after OJ. As of 07:37 CEST Jul3, OJ publication has NOT occurred. Discrete trigger (actual OJ publication) STILL NOT fired. Topic saturated on P6 (posts 464/490/597/592). Recommendation unchanged: same-day fast-turnaround draft when OJ date confirms; hold until then.
  Fresh scan (2 queries, wk Jun26-Jul3, EU logistics/supply-chain AI + autonomous freight AI agents): 0 fresh high-impact non-dup EU-strong candidates warranting a draft. Only broad 2026-outlook/trend listicles (Global Trade Mag, SAP autonomous-supply-chain, BCG, trans.info, virtualworkforce) - no discrete, dated, EU-strong news event. Nothing new/scoreable.

Phase 3 Drafting: SKIPPED (deliberate NO-DRAFT). Schedule full thru Jul10; next natural open slot ~Jul12+ (beyond horizon). No editorial gap forcing a draft; 0 verified candidates.
Phase 4 QC/Compliance: SKIPPED (no new draft).

Phase 5 Approval gate: HARD STOP. Operator absent + approval-mail disabled => no async channel. Nothing to publish, nothing autonomously executable. NO publish, NO tracker flip, NO git, NO delete.

Phase 7 Memory: run log written. Register NOT modified (no publish). Tracker HTML NOT modified (Done-flips need operator). MEMORY.md unchanged.

Outcome: NO-PUBLISH NO-DRAFT (deliberate). Styleguide in-sync. WP healthy; post 590 (Volvo autonomous trucking) confirmed live today Jul3. 41 open carried (0 autonomously executable; 2 High credential/UI-gated + T107 Yoast-for-633 WP-UI-gated). Schedule full thru Jul10. KEY SIGNAL: EU AI Act Digital Omnibus OJ publication converging on JULY 2026 (Council done Jun29); T106 trigger still ARMED, recommend same-day draft when OJ lands. 0 WP writes, 0 git, 0 delete. Within caps (~10 tool calls, ~0.20 USD est).
