LogiAI Production Stack - Daily Run - 2026-07-15 09:02 CEST (scheduled, operator ABSENT)
mode: daily | approval_email.enabled=false (operator-present gate) -> NO publish, NO autonomous drafting this run

Phase -1 (styleguide drift): CLEAN. Master CONTENT-STYLEGUIDE.md mtime 2026-06-02 (unchanged since last CLEAN run); all 4 inline skill copies (drafting/quality-gate/publishing/editorial-visuals) newer (last edited 2026-06-29). Section 0 Hard Rules 1-9 in sync. "Styleguide in sync." No propagation needed.

Phase 0 (pre-flight): config.yml parsed (daily caps: 3.00 USD / 200 calls / 90 min). Queue folder EMPTY (only processed/ subdir, no dated pre-approval package). WP REST check: HTTP 200 (auth OK). Action Tracker parsed: 112 tasks (70 Done, 42 Open). Register + project memory loaded.

Phase 1 (Action Tracker sweep): report-only, no status flips (operator absent).
- High T106: EU AI Act Digital Omnibus draft-on-OJ-publication. See T106 check below. Trigger ARMED, top priority.
- T110/T109 (Jul 13 drafts Gartner/STG/CMA CGM -> posts 673/674/675 LIVE): remain SATISFIED from 07-13 publish; recommend operator flip to Done. No change this run.
- Backlog (T111 Octup evergreen, T078 held 05-30 drafts, remaining Medium/Low): unchanged, carried over.
- No Bug/Tech/SEO/Design task auto-executed (all need operator approval or are carry-over).

T106 EU AI Act OJ check (2026-07-15): STILL NEGATIVE, no material change vs 07-14.
- EUR-Lex OJ July L-series probe reachable (HTTP 202); no Digital Omnibus L-number assigned yet.
- Web check: Parliament endorsed 16 Jun 2026, Council final green light 29 Jun 2026. OJ publication still "shortly"; EiF three days after publication; high-risk deadlines deferred per Omnibus. No OJ L-number as of today.
- Today 15 Jul is PRE-window (window pinned 18-30 Jul, latest 30 Jul). Trigger stays ARMED. Continue daily OJ checks; pre-draft (T106 pre-draft) becomes top breaking piece the moment the L-number lands.

Phase 2 (monitoring + scoring + verification): lean scan, dedup vs register clean.
- CARRIED CANDIDATE (VERIFIED, still best next-slot): Auger 50M USD Series B (announced 2026-07-09, Eclipse-led, ~130 staff, Dave Clark). Autonomous supply chain OS. Pillar P5 Agentic AI (P5 saturation caution ~32%). Not in register. Ready to queue on operator command.
- No NEW date-current, well-corroborated funding/story surfaced today. July-2026 agentic-logistics searches returned vendor listicles (Lumari, Haladir) and stale aggregates only -> WATCH, not draftable.
- Date-currency discipline held (Altana-style stale-republish trap avoided).

Phase 3-4 (drafting/QC): NOT executed. Operator absent AND no queue pre-approval file. Per operator-absent + no-queue precedent, surface candidates only; no autonomous local drafting.

Phase 5 (approval gate): NOT entered (no publish path without operator; approval_email disabled).
Phase 6 (publishing): NOT entered.
Phase 7 (memory): run log written; cap-history row appended. No register changes (nothing published). No tracker Done flips (operator absent).

Caps: well under. ~7 tool calls, wall ~few min, est ~0.20 USD. No cap hits, no drift mismatches, no loop aborts.
Constraints honored: no WP publish, no git push, no file delete, no tracker Done flip, no em-dashes.

=== OPERATOR-PRESENT ADDENDUM 2026-07-15 (later same day) ===
Operator returned and approved actions.
- Tracker flips (operator-approved): T109 -> Done, T110 -> Done (both satisfied by 673/674/675 live 07-13), T112 -> Done (Auger drafted+published). Backup of tracker HTML saved. Open count 42 -> 39.
- Phase 3 drafting: Auger Series B piece drafted (Analyse-Hausstil, 806-word body, 4 H2, 0 em/en-dash). Saved logiai-draft-2026-07-15-auger-series-b.md.
- Phase 4 QC: hard-rule checks CLEAN (no dashes, no KI-Floskeln, no brief markers, no style-block). Three core questions answered.
- Phase 5 approval gate: operator chose PUBLISH NOW.
- Phase 6 publishing: WP REST POST live. Post ID 688, https://logiai.blog/2026/07/15/auger-series-b-autonomous-supply-chain-os/ , status=publish, category Deals & Tenders (788289393), 5 tags, featured_media=453 (03_control_room placeholder; fal check timed out, custom image swap pending), Yoast title+metadesc set via REST meta (verify persistence in WP Admin). Verified live: HTTP 200, title present.
- Phase 7 memory: logiai_published.md appended (post 688 row). Run log updated.
Caveats for operator: (1) featured image is the P5 placeholder, swap a custom fal image when the key is confirmed; (2) confirm Yoast fields persisted in WP Admin (known REST-persistence issue on prior posts).
