LogiAI Production Stack run log
Date: 2026-07-07 07:36 CEST | Mode: daily | Operator: absent (scheduled) | approval_email: disabled

Phase -1 Styleguide Drift Check:
  Master CONTENT-STYLEGUIDE.md vs bundle inline copies: authoritative pair used (bundle + master).
  Standing note (unchanged from Jul 4): plugin skill cache is STALE vs bundle (logiai-publishing missing rules 6+7
  visual-inline/style-guard; logiai-editorial-visuals missing REST-inlining block; logiai-drafting missing Tracker ID field).
  Cache is read-only from Cowork; cannot sync here. OPERATOR ACTION still open: re-save the 4 skills in Settings > Capabilities.
  No publish this run, so no exposure. Continued on bundle+master.

Phase 0 Pre-flight:
  drift-guard: Phase 0: goal='init state, verify inputs', current_action='read config/queue/memory/tracker/WP', aligned=yes
  config.yml parsed (caps.daily: $3.00 / 200 calls / 90 min). Queue: EMPTY (only processed/).
  WP REST: HTTP 200. Post 622 (Rohlik fulfilment spin-out / EU) CONFIRMED LIVE, fired 2026-07-06T07:00 as scheduled.
  Recent live chain intact: 622 (Jul6) <- 590 Volvo (Jul3) <- 601 Yusen (Jul1) <- 600 Amazon Proteus (Jun29).
  Future queue (per Jul4 log, not anon-visible): 633 (Jul8) / 623 (Jul10). Schedule full through Jul 10.

Phase 1 Action Tracker Sweep:
  drift-guard: Phase 1: goal='triage open tasks', current_action='classify, carry gated items', aligned=yes
  Standing gated items carried over (all operator/UI/credential-gated, no autonomous action possible):
    T101 (High, fal.ai key renewal) CREDENTIAL-GATED, operator only. Posts 622/623/633 remain on placeholder images.
    T102 (High, images+Yoast 622/623) blocked by T101 + WP Admin UI.
    T107 (Medium, Yoast for 633) WP-UI-gated.
  No autonomous low-risk executions this run. Open backlog unchanged (~41 open).

Phase 2 Monitoring + Scoring + Verification:
  drift-guard: Phase 2: goal='check T106 trigger + find fresh verified candidates', current_action='web + EUR-Lex scan', aligned=yes
  T106 TRIGGER CHECK (hardened = direct EUR-Lex, not news): EU AI Act Digital Omnibus OJ publication STILL PENDING as of Jul 7.
    Status unchanged: Parliament endorsed Jun 16, Council final green light Jun 29, OJ publication 'shortly'/anticipated within July,
    enters into force day 3 after publication. Annex III high-risk -> 2027-12-02, Annex I -> 2028-08-02.
    EUR-Lex direct-access showed no omnibus/2024/1689 amendment entry. T106 STAYS ARMED; top editorial priority when OJ lands.
    Pre-draft READY at Logistics LAB/logiai-draft-2026-07-04-eu-ai-act-omnibus-official-journal.md (placeholders [OJ-DATE][OJ-REF][IN-FORCE-DATE][MONTHS-REMAINING]).
  Fresh scan (last ~72h): 0 candidates cleared the bar.
    - C.H. Robinson 'Agentic Supply Chain': STALE (2025 announcement), rejected.
    - Accenture Ventures -> General Robotics (physical AI, mfg+logistics): undated 2026 investment, thin operational hook,
      Accenture already a named entity in post 486 (GXO/KION/NVIDIA/Accenture). PARKED as soft P2/P5 candidate for manual review, not forced.
    - PepsiCo 35 driverless trucks / Gatik / Wing-Walmart drones: mid-June roundup material, adjacent to post 590/594, no fresh single hook.
  Duplicate-check: n/a (no candidates forwarded).

Phase 3-4: SKIPPED (0 candidates; schedule full through Jul 10; first open slot week of Jul 13).
Phase 5: NOTHING TO APPROVE. Operator absent + approval_email disabled -> no publish, no status flips. 0 WP writes, 0 git, 0 deletes.
Phase 6: SKIPPED (nothing approved).

Phase 7 Memory Update:
  logiai_published.md: no changes (nothing published).
  Action Tracker: no status flips (operator approval required).
  T106 memory: fact unchanged (armed, OJ pending); no edit needed.
  This log + cap-history row written.

Telemetry: ~16 tool calls, ~8 min wall, est. $0.22, cap_hits=0, drift_mismatches=0, loop_aborts=0.
