LogiAI Production Stack — Daily Run — 2026-07-14 (scheduled, operator ABSENT)
mode: daily | approval_email.enabled=false (operator-present gate) -> NO publish this run

Phase -1 (styleguide drift): CLEAN. Master CONTENT-STYLEGUIDE.md Section 0 Hard Rules (1-9: em-dash, en-dash, emoji, KI-Floskeln, double-negative, "schnelllebige Welt", LinkedIn-sentences, Substantivierung, brief-header rule 9) match inline copies in drafting/quality-gate/publishing/editorial-visuals bundle skills. "Styleguide in sync." No propagation needed.

Phase 0 (pre-flight): config.yml parsed (daily caps: $3.00 / 200 calls / 90 min). Queue folder EMPTY (only processed/ subdir). WP REST check: HTTP 200 (auth OK). Action Tracker parsed: 111 tasks total, 41 Open (2 High, 22 Medium, 17 Low). Register + project memory loaded.

Phase 1 (Action Tracker sweep): report-only, no status flips (operator absent).
- High T106: EU AI Act Digital Omnibus draft-on-OJ-publication. See T106 check below.
- High T110: "Preview and slot 3 held Jul 13 drafts: Gartner, STG, CMA CGM" -> these PUBLISHED LIVE 2026-07-13 (posts 673/674/675, Yoast + custom images done). T110 is SATISFIED; recommend operator flip to Done.
- T109 ("slot/hold Octup, Carrier Logistics, CMA CGM candidates"): Carrier Logistics=674 LIVE, CMA CGM=675 LIVE, Octup dropped (stale). Largely satisfied; recommend operator review/close.
- T111 (Octup evergreen decision) + T078 (held 05-30 drafts) + backlog: unchanged, carried over.
- No Bug/Tech/SEO task auto-executed (all require operator approval or are carry-over).

T106 EU AI Act OJ check (2026-07-14): STILL NEGATIVE, no material change.
- EUR-Lex direct fetch CELEX:32024R1689: no 2026 amending act registered (only self-CELEX; "amended by"/"modified by" strings are template/recital text as verified in prior runs).
- Fresh web check: Parliament endorsed 16 Jun 2026, Council final green light 29 Jun 2026. OJ publication still "shortly", expected July before 2 Aug EiF (third day after publication). No OJ L-number yet.
- Today 14 Jul is PRE-window (window pinned 18-30 Jul, latest 30 Jul). Trigger stays ARMED, top priority. Continue daily OJ checks 18-30 Jul; pre-draft becomes top breaking piece when L-number lands.

Phase 2 (monitoring + scoring + verification): lean scan, dedup vs register clean.
- CANDIDATE (VERIFIED, recommended next slot): Auger $50M Series B, announced 2026-07-09, led by Eclipse (+ Oak HC/FT), total $150M, ~130 staff, customers Meta Reality Labs / Fanatics / Kimberly-Clark. Founders Dave Clark (23y Amazon) + Leigh Anne Clark. Autonomous supply chain OS. Pillar P5 Agentic AI (note: P5 saturation ~32%, editorial caution). Well-corroborated (GeekWire, PYMNTS, WWD/Sourcing Journal, Supply Chain Digital). Dedup: not in register.
- DROPPED (date-currency fail): Altana $200M Series C -> actually announced 2026 republish of a JULY 2024 raise (BusinessWire 20240729). ~2 years stale. Same trap as Octup; do NOT queue as fresh news.
- WATCH (thinner sourcing, not yet drafted): Maximal (autonomous FTL algorithmic load planning, agents into carrier ERPs); DeepFabric (AI agents for apparel/textile supply chains). C.H. Robinson / DeSpir acquisition noted but not AI-centric (weak fit).

Phase 3-4 (drafting/QC): NOT executed. Operator absent AND no queue pre-approval file present. Per operator-absent + no-queue precedent (2026-07-10 run), surface candidates only; no autonomous local drafting this run. Auger is ready to queue on operator command.

Phase 5 (approval gate): NOT entered (nothing to approve; no publish path without operator).

Phase 6 (publishing): NOT entered (no approval).

Phase 7 (memory): run log written; cap-history row appended. No register changes (nothing published). No tracker Done flips (operator absent).

Caps: well under. ~15 tool calls, wall ~few min, est ~$0.25. No cap hits, no drift mismatches, no loop aborts.
Constraints honored: no WP publish, no git push, no file delete, no tracker Done flip, no em-dashes.
