LogiAI Production Stack - Daily Run
Date: 2026-07-02 07:37 CEST (Thu)  Mode: daily  Operator: ABSENT (scheduled)  Approval-mail: DISABLED (config enabled=false)
Caps (daily): $3.00 / 200 tool calls / 90 min. Posture: read + optional local draft only, NO publish/push/delete/Done-flip.

Phase -1 Styleguide drift: IN SYNC. Master CONTENT-STYLEGUIDE.md unchanged (mtime 2026-06-02 19:54, 23706 bytes, identical to last confirmed-sync). Inline em-dash-ban Hard Rule present in all 4 bundle skills (drafting/quality-gate/publishing/editorial-visuals). No drift, no propagation. aligned=yes

Phase 0 Preflight: WP REST 200 OK (curl UA curl/8.4.0). Queue folder empty (processed/ only; no pre-approval package). Register + strategy memory loaded. Action Tracker parsed clean: 107 tasks (66 Done / 41 Open). Tracker mtime 2026-07-01 09:37 => one new task since last run: T107 (see Phase 1). Scheduled cadence intact: 601 Jul1 LIVE (confirmed yesterday), 590 Jul3, 622 Jul6, 633 Jul8, 623 Jul10 => week Jul6-12 full. aligned=yes

Phase 1 Action sweep: 41 Open (2 High, 21 Medium, 18 Low). 0 autonomously-executable writes; all open items operator/credential/WP-Admin-UI/delete/GSC gated.
  High:
   - T101 Renew expired fal.ai API key (Keychain) -> operator credential, still 401. BLOCKS T102 image swaps + custom images for placeholders (622 media457 / 623 media453 / 633 media402).
   - T102 Swap placeholder featured images (622/623) + set Yoast -> blocked by T101 (fal 401) + Yoast needs WP Admin UI / mu-plugin (T055).
  NEW this run:
   - T107 (Medium, SEO, added 2026-07-01) Set Yoast SEO meta for Post 633 (DSV/CargoWise Tango) via WP editor. WP-Admin-UI / editor-JS-store gated (known REST Yoast issue). Not autonomously executable in scheduled run. Suggested values already recorded in register (focus "dsv cargowise tango", SEO title "DSV Drops CargoWise for Tango: The Forwarder Build vs Buy Bet", metadesc = excerpt). Re-surfaced for operator.
  Re-surfaced (read-only this run, no flips): T103 register hygiene (592/597 label + add 594 row; 633 row already added Jun30), T104 delete 3 stale temp files (delete-gated), T084 delete orphan media 551/553/555 (WP-UI/delete-gated), T085 GSC indexing re-check (GSC access), T073 robots.txt AI-crawler policy, T106 EU AI Act Omnibus draft-on-trigger (see Phase 2). Standing autonomously-preparable-but-not-run offers: T071 FAQ/HowTo schema, T075 long-tail EU keyword map, T076 internal-link plan (EU AI Act + AI Agents clusters), T029/T082 SEO audits. None executed to avoid unrequested artifacts / register drift without operator eyes (consistent with established posture). aligned=yes

Phase 2 Monitoring/Scoring/Verification:
  T106 / EU AI Act Digital Omnibus WATCH (unchanged material state): European Parliament formal endorsement 2026-06-16; Council FINAL ADOPTION 2026-06-29 (confirmed). OJ publication is the last remaining domino; multiple legal trackers (DLA Piper, Gibson Dunn, White & Case, EP Legislative Train) now converge on formal adoption + OJ publication expected LATE JULY 2026, ahead of the Aug 2 2026 date; entry into force = 3rd day after OJ. As of 07:37 CEST Jul 2, OJ publication has NOT occurred. Discrete trigger (actual OJ publication) STILL NOT fired. Topic saturated on P6 (posts 464/490/597/592). Recommendation unchanged: same-day fast-turnaround draft when OJ date confirms; hold until then.
  Fresh scan (2 queries, wk Jun25-Jul2, EU logistics/supply-chain AI + autonomous/freight AI agents): 0 fresh high-impact non-dup EU-strong candidates warranting a draft. All hits stale or off-scope: Loop $95M Series C (April, STALE), Oliver Wyman EU SC Tech Report (Feb, STALE), PlusAI/International L4 trial (March, US, STALE), C.H. Robinson 3M AI-agent tasks (US, trend), plus broad 2026-outlook listicles. Nothing discrete/new.

Phase 3 Drafting: SKIPPED (deliberate NO-DRAFT). Schedule full thru Jul10; next natural open slot ~Jul12+ (beyond horizon). No editorial gap forcing a draft; 0 verified candidates.
Phase 4 QC/Compliance: SKIPPED (no new draft).

Phase 5 Approval gate: HARD STOP. Operator absent + approval-mail disabled => no async channel. Nothing to publish, nothing autonomously executable. NO publish, NO tracker flip, NO git, NO delete.

Phase 7 Memory: run log written. Register NOT modified (no publish). Tracker HTML NOT modified (Done-flips need operator). MEMORY.md unchanged.

Outcome: NO-PUBLISH NO-DRAFT (deliberate). Styleguide in-sync. WP healthy; post 601 confirmed live yesterday. 41 open carried (0 autonomously executable; 2 High credential/UI-gated + new T107 Yoast-for-633 WP-UI-gated). Schedule full thru Jul10. KEY SIGNAL: EU AI Act Digital Omnibus OJ publication now converging on LATE JULY 2026 (Council done Jun29); T106 trigger still armed, recommend same-day draft when OJ lands. 0 WP writes, 0 git, 0 delete. Within caps (~10 tool calls, ~0.20 USD est).
